[2026-06-01T10:02:35.000Z] fix: handle null pointer check in payload serializer (#1/10)
[2026-06-01T11:07:25.000Z] docs: add visual sequence diagrams for authentication flow (#2/10)
[2026-06-01T12:15:16.000Z] test: add unit coverage for edge-case parser states (#3/10)
[2026-06-01T13:19:57.000Z] fix: handle null pointer check in payload serializer (#4/10)
[2026-06-01T14:22:27.000Z] fix: prevent race condition in async buffer queue (#5/10)
[2026-06-01T15:26:28.000Z] chore: clean up deprecated helper functions (#6/10)
[2026-06-01T16:36:31.000Z] refactor: extract reusable validator utility methods (#7/10)
[2026-06-01T17:41:24.000Z] chore: clean up deprecated helper functions (#8/10)
[2026-06-01T18:45:11.000Z] fix: prevent race condition in async buffer queue (#9/10)
[2026-06-01T19:50:44.000Z] fix: prevent race condition in async buffer queue (#10/10)
[2026-06-02T10:11:11.000Z] test: add unit coverage for edge-case parser states (#1/9)
[2026-06-02T11:23:18.000Z] refactor: streamline data pipeline transformation logic (#2/9)
[2026-06-02T12:39:41.000Z] chore: clean up deprecated helper functions (#3/9)
[2026-06-02T13:49:01.000Z] refactor: decouple configuration loader from runtime core (#4/9)
[2026-06-02T14:58:51.000Z] perf: reduce memory allocation in matrix computation (#5/9)
[2026-06-02T16:13:23.000Z] perf: debounce high-frequency state update dispatchers (#6/9)
[2026-06-02T17:21:05.000Z] fix: graceful fallback on upstream rate limiting (#7/9)
[2026-06-02T18:32:19.000Z] perf: index query key lookup table for O(1) retrieval (#8/9)
[2026-06-02T19:48:23.000Z] chore: bump minor dependency patches and lockfile (#9/9)
[2026-06-03T10:16:25.000Z] refactor: decouple configuration loader from runtime core (#1/8)
[2026-06-03T11:37:43.000Z] fix: handle null pointer check in payload serializer (#2/8)
[2026-06-03T13:03:46.000Z] perf: debounce high-frequency state update dispatchers (#3/8)
[2026-06-03T14:17:55.000Z] feat: implement adaptive caching layer for remote sync (#4/8)
[2026-06-03T15:39:23.000Z] refactor: streamline data pipeline transformation logic (#5/8)
[2026-06-03T16:56:50.000Z] perf: reduce memory allocation in matrix computation (#6/8)
[2026-06-03T18:16:39.000Z] refactor: extract reusable validator utility methods (#7/8)
[2026-06-03T19:43:04.000Z] perf: index query key lookup table for O(1) retrieval (#8/8)
[2026-06-04T10:18:46.000Z] refactor: streamline data pipeline transformation logic (#1/8)
[2026-06-04T11:39:45.000Z] chore: bump minor dependency patches and lockfile (#2/8)
[2026-06-04T13:02:51.000Z] refactor: streamline data pipeline transformation logic (#3/8)
[2026-06-04T14:17:59.000Z] docs: update API contract and endpoint specifications (#4/8)
[2026-06-04T15:39:43.000Z] feat: implement adaptive caching layer for remote sync (#5/8)
[2026-06-04T16:58:27.000Z] test: expand integration suite for webhook deliveries (#6/8)
[2026-06-04T18:16:34.000Z] docs: add visual sequence diagrams for authentication flow (#7/8)
[2026-06-04T19:40:44.000Z] test: expand integration suite for webhook deliveries (#8/8)
[2026-06-05T10:12:27.000Z] docs: add visual sequence diagrams for authentication flow (#1/9)
[2026-06-05T11:25:55.000Z] test: add unit coverage for edge-case parser states (#2/9)
[2026-06-05T12:36:24.000Z] perf: reduce memory allocation in matrix computation (#3/9)
[2026-06-05T13:51:59.000Z] docs: update API contract and endpoint specifications (#4/9)
[2026-06-05T15:01:03.000Z] feat: integrate automated health check probes (#5/9)
[2026-06-05T16:12:27.000Z] style: enforce consistent lint formatting across modules (#6/9)
[2026-06-05T17:25:09.000Z] fix: prevent race condition in async buffer queue (#7/9)
[2026-06-05T18:34:27.000Z] docs: clarify deployment environment variable requirements (#8/9)
[2026-06-05T19:48:37.000Z] fix: handle null pointer check in payload serializer (#9/9)
[2026-06-06T10:17:52.000Z] fix: handle null pointer check in payload serializer (#1/8)
[2026-06-06T11:40:18.000Z] feat: optimize event bus telemetry and trace logging (#2/8)
[2026-06-06T13:01:13.000Z] docs: update API contract and endpoint specifications (#3/8)
[2026-06-06T14:21:38.000Z] refactor: streamline data pipeline transformation logic (#4/8)
[2026-06-06T15:39:50.000Z] test: expand integration suite for webhook deliveries (#5/8)
[2026-06-06T17:01:17.000Z] perf: debounce high-frequency state update dispatchers (#6/8)
[2026-06-06T18:18:44.000Z] docs: add visual sequence diagrams for authentication flow (#7/8)
[2026-06-06T19:36:14.000Z] fix: resolve timezone offset discrepancy in scheduler (#8/8)
[2026-06-07T09:52:06.000Z] fix: prevent race condition in async buffer queue (#1/12)
